queue_capacity_bytes=8388608 samples=1000 batch=1000
  single_int threads=1 ...
  mixed threads=1 ...
  string threads=1 ...
  single_int threads=2 ...
  mixed threads=2 ...
  string threads=2 ...
  single_int threads=4 ...
  mixed threads=4 ...
  string threads=4 ...
  single_int threads=8 ...
  mixed threads=8 ...
  string threads=8 ...
  single_int threads=16 ...
  mixed threads=16 ...
  string threads=16 ...
done -> C:\Users\Admin\Desktop\ticklog\cross-lang-bench\results_quill\windows_quill_cpp_v13_r18.json
23:58:34 Quill INFO: Reached the maximum configured unbounded queue capacity and experienced 13 blocking occurrences on thread 9564
23:58:34 Quill INFO: Reached the maximum configured unbounded queue capacity and experienced 14 blocking occurrences on thread 14948
23:58:34 Quill INFO: Reached the maximum configured unbounded queue capacity and experienced 13 blocking occurrences on thread 27216
23:58:34 Quill INFO: Reached the maximum configured unbounded queue capacity and experienced 5 blocking occurrences on thread 24708
23:58:34 Quill INFO: Reached the maximum configured unbounded queue capacity and experienced 6 blocking occurrences on thread 22164
23:58:34 Quill INFO: Reached the maximum configured unbounded queue capacity and experienced 6 blocking occurrences on thread 2532
23:58:34 Quill INFO: Reached the maximum configured unbounded queue capacity and experienced 8 blocking occurrences on thread 9328
23:58:34 Quill INFO: Reached the maximum configured unbounded queue capacity and experienced 5 blocking occurrences on thread 16484
23:58:34 Quill INFO: Reached the maximum configured unbounded queue capacity and experienced 5 blocking occurrences on thread 15104
23:58:34 Quill INFO: Reached the maximum configured unbounded queue capacity and experienced 1 blocking occurrences on thread 18900
23:58:34 Quill INFO: Reached the maximum configured unbounded queue capacity and experienced 1 blocking occurrences on thread 25880
23:58:34 Quill INFO: Reached the maximum configured unbounded queue capacity and experienced 1 blocking occurrences on thread 23576
23:58:34 Quill INFO: Reached the maximum configured unbounded queue capacity and experienced 1 blocking occurrences on thread 1012
23:58:34 Quill INFO: Reached the maximum configured unbounded queue capacity and experienced 3 blocking occurrences on thread 19056
23:58:34 Quill INFO: Reached the maximum configured unbounded queue capacity and experienced 2 blocking occurrences on thread 24932
23:58:34 Quill INFO: Reached the maximum configured unbounded queue capacity and experienced 3 blocking occurrences on thread 9008
23:58:34 Quill INFO: Reached the maximum configured unbounded queue capacity and experienced 3 blocking occurrences on thread 8592
23:58:34 Quill INFO: Reached the maximum configured unbounded queue capacity and experienced 1 blocking occurrences on thread 19852
23:58:34 Quill INFO: Reached the maximum configured unbounded queue capacity and experienced 1 blocking occurrences on thread 14024
23:58:34 Quill INFO: Reached the maximum configured unbounded queue capacity and experienced 1 blocking occurrences on thread 25860
23:58:34 Quill INFO: Reached the maximum configured unbounded queue capacity and experienced 1 blocking occurrences on thread 18732
