queue_capacity_bytes=8388608 samples=1000 batch=1000
  single_int threads=1 ...
  mixed threads=1 ...
  string threads=1 ...
  single_int threads=2 ...
  mixed threads=2 ...
  string threads=2 ...
  single_int threads=4 ...
  mixed threads=4 ...
  string threads=4 ...
  single_int threads=8 ...
  mixed threads=8 ...
  string threads=8 ...
  single_int threads=16 ...
  mixed threads=16 ...
  string threads=16 ...
done -> C:\Users\Admin\Desktop\ticklog\cross-lang-bench\results_quill\windows_quill_cpp_v13_r16.json
19:49:12 Quill INFO: Reached the maximum configured unbounded queue capacity and experienced 13 blocking occurrences on thread 22804
19:49:12 Quill INFO: Reached the maximum configured unbounded queue capacity and experienced 14 blocking occurrences on thread 20656
19:49:12 Quill INFO: Reached the maximum configured unbounded queue capacity and experienced 13 blocking occurrences on thread 2716
19:49:12 Quill INFO: Reached the maximum configured unbounded queue capacity and experienced 6 blocking occurrences on thread 2608
19:49:12 Quill INFO: Reached the maximum configured unbounded queue capacity and experienced 6 blocking occurrences on thread 4616
19:49:12 Quill INFO: Reached the maximum configured unbounded queue capacity and experienced 7 blocking occurrences on thread 16164
19:49:12 Quill INFO: Reached the maximum configured unbounded queue capacity and experienced 7 blocking occurrences on thread 20764
19:49:12 Quill INFO: Reached the maximum configured unbounded queue capacity and experienced 5 blocking occurrences on thread 16260
19:49:12 Quill INFO: Reached the maximum configured unbounded queue capacity and experienced 5 blocking occurrences on thread 18932
19:49:12 Quill INFO: Reached the maximum configured unbounded queue capacity and experienced 2 blocking occurrences on thread 18528
19:49:12 Quill INFO: Reached the maximum configured unbounded queue capacity and experienced 2 blocking occurrences on thread 21100
19:49:12 Quill INFO: Reached the maximum configured unbounded queue capacity and experienced 2 blocking occurrences on thread 3848
19:49:12 Quill INFO: Reached the maximum configured unbounded queue capacity and experienced 2 blocking occurrences on thread 12176
19:49:12 Quill INFO: Reached the maximum configured unbounded queue capacity and experienced 3 blocking occurrences on thread 23776
19:49:12 Quill INFO: Reached the maximum configured unbounded queue capacity and experienced 2 blocking occurrences on thread 8384
19:49:12 Quill INFO: Reached the maximum configured unbounded queue capacity and experienced 2 blocking occurrences on thread 11268
19:49:12 Quill INFO: Reached the maximum configured unbounded queue capacity and experienced 2 blocking occurrences on thread 556
19:49:12 Quill INFO: Reached the maximum configured unbounded queue capacity and experienced 1 blocking occurrences on thread 13520
19:49:12 Quill INFO: Reached the maximum configured unbounded queue capacity and experienced 1 blocking occurrences on thread 2356
19:49:12 Quill INFO: Reached the maximum configured unbounded queue capacity and experienced 1 blocking occurrences on thread 23928
19:49:12 Quill INFO: Reached the maximum configured unbounded queue capacity and experienced 1 blocking occurrences on thread 11704
