queue_capacity_bytes=8388608 samples=1000 batch=1000
  single_int threads=1 ...
  mixed threads=1 ...
  string threads=1 ...
  single_int threads=2 ...
  mixed threads=2 ...
  string threads=2 ...
  single_int threads=4 ...
  mixed threads=4 ...
  string threads=4 ...
  single_int threads=8 ...
  mixed threads=8 ...
  string threads=8 ...
  single_int threads=16 ...
  mixed threads=16 ...
  string threads=16 ...
done -> C:\Users\Admin\Desktop\ticklog\cross-lang-bench\results_quill\windows_quill_cpp_v13_r17.json
22:17:50 Quill INFO: Reached the maximum configured unbounded queue capacity and experienced 13 blocking occurrences on thread 13392
22:17:50 Quill INFO: Reached the maximum configured unbounded queue capacity and experienced 14 blocking occurrences on thread 7484
22:17:50 Quill INFO: Reached the maximum configured unbounded queue capacity and experienced 13 blocking occurrences on thread 27424
22:17:50 Quill INFO: Reached the maximum configured unbounded queue capacity and experienced 5 blocking occurrences on thread 20812
22:17:50 Quill INFO: Reached the maximum configured unbounded queue capacity and experienced 6 blocking occurrences on thread 2384
22:17:50 Quill INFO: Reached the maximum configured unbounded queue capacity and experienced 8 blocking occurrences on thread 4952
22:17:50 Quill INFO: Reached the maximum configured unbounded queue capacity and experienced 7 blocking occurrences on thread 25184
22:17:50 Quill INFO: Reached the maximum configured unbounded queue capacity and experienced 6 blocking occurrences on thread 19988
22:17:50 Quill INFO: Reached the maximum configured unbounded queue capacity and experienced 5 blocking occurrences on thread 20872
22:17:50 Quill INFO: Reached the maximum configured unbounded queue capacity and experienced 1 blocking occurrences on thread 22280
22:17:50 Quill INFO: Reached the maximum configured unbounded queue capacity and experienced 1 blocking occurrences on thread 14056
22:17:50 Quill INFO: Reached the maximum configured unbounded queue capacity and experienced 1 blocking occurrences on thread 20768
22:17:50 Quill INFO: Reached the maximum configured unbounded queue capacity and experienced 1 blocking occurrences on thread 21184
22:17:50 Quill INFO: Reached the maximum configured unbounded queue capacity and experienced 2 blocking occurrences on thread 13944
22:17:50 Quill INFO: Reached the maximum configured unbounded queue capacity and experienced 2 blocking occurrences on thread 20924
22:17:50 Quill INFO: Reached the maximum configured unbounded queue capacity and experienced 2 blocking occurrences on thread 6220
22:17:50 Quill INFO: Reached the maximum configured unbounded queue capacity and experienced 2 blocking occurrences on thread 23096
22:17:50 Quill INFO: Reached the maximum configured unbounded queue capacity and experienced 1 blocking occurrences on thread 27600
22:17:50 Quill INFO: Reached the maximum configured unbounded queue capacity and experienced 1 blocking occurrences on thread 17244
22:17:50 Quill INFO: Reached the maximum configured unbounded queue capacity and experienced 1 blocking occurrences on thread 16220
22:17:50 Quill INFO: Reached the maximum configured unbounded queue capacity and experienced 1 blocking occurrences on thread 11824
