  single_int threads=1 ...
  [hotpath] single_int threads=1 calls=301513 total=375.20ns ts=101.90 reserve=51.26 assemble=14.96 publish=23.76 cold=0.00 drops=698487
  mixed threads=1 ...
  [hotpath] mixed threads=1 calls=147168 total=702.36ns ts=206.48 reserve=106.23 assemble=18.07 publish=30.94 cold=0.00 drops=852832
  string threads=1 ...
  [hotpath] string threads=1 calls=215092 total=510.90ns ts=141.97 reserve=71.82 assemble=19.29 publish=30.26 cold=0.00 drops=784908
  single_int threads=2 ...
  [hotpath] single_int threads=2 calls=493446 total=276.79ns ts=64.14 reserve=34.51 assemble=15.95 publish=31.06 cold=0.00 drops=506554
  mixed threads=2 ...
  [hotpath] mixed threads=2 calls=294336 total=412.09ns ts=106.05 reserve=54.36 assemble=21.75 publish=37.19 cold=0.00 drops=705664
  string threads=2 ...
  [hotpath] string threads=2 calls=430184 total=298.20ns ts=72.98 reserve=35.94 assemble=17.56 publish=30.14 cold=0.00 drops=569816
  single_int threads=4 ...
  [hotpath] single_int threads=4 calls=986892 total=178.45ns ts=32.39 reserve=16.80 assemble=16.32 publish=30.87 cold=0.00 drops=13108
  mixed threads=4 ...
  [hotpath] mixed threads=4 calls=588672 total=262.66ns ts=53.93 reserve=28.44 assemble=21.62 publish=40.82 cold=0.00 drops=411328
  string threads=4 ...
  [hotpath] string threads=4 calls=860368 total=196.59ns ts=36.45 reserve=18.48 assemble=19.31 publish=32.60 cold=0.00 drops=139632
  single_int threads=8 ...
  [hotpath] single_int threads=8 calls=1000000 total=180.04ns ts=31.78 reserve=16.98 assemble=16.24 publish=32.05 cold=0.00 drops=0
  mixed threads=8 ...
  [hotpath] mixed threads=8 calls=1000000 total=191.16ns ts=31.69 reserve=16.25 assemble=21.93 publish=37.97 cold=0.00 drops=0
  string threads=8 ...
  [hotpath] string threads=8 calls=1000000 total=186.89ns ts=31.44 reserve=16.34 assemble=20.82 publish=33.84 cold=0.00 drops=0
  single_int threads=16 ...
  [hotpath] single_int threads=16 calls=992000 total=224.60ns ts=41.27 reserve=18.30 assemble=16.78 publish=38.33 cold=0.00 drops=0
  mixed threads=16 ...
  [hotpath] mixed threads=16 calls=992000 total=241.81ns ts=39.57 reserve=18.53 assemble=28.15 publish=55.57 cold=0.00 drops=0
  string threads=16 ...
  [hotpath] string threads=16 calls=992000 total=228.53ns ts=35.70 reserve=19.09 assemble=22.31 publish=38.69 cold=0.00 drops=0
done -> C:\Users\Admin\Desktop\ticklog\cross-lang-bench\results_quill\windows_ticklog_rtrb_drop_prof.json
