queue_capacity_bytes=8388608 samples=1000 batch=1000
  single_int threads=1 ...
  mixed threads=1 ...
  string threads=1 ...
  single_int threads=2 ...
  mixed threads=2 ...
  string threads=2 ...
  single_int threads=4 ...
  mixed threads=4 ...
  string threads=4 ...
  single_int threads=8 ...
  mixed threads=8 ...
  string threads=8 ...
  single_int threads=16 ...
  mixed threads=16 ...
  string threads=16 ...
done -> C:\Users\Admin\Desktop\ticklog\cross-lang-bench\results_quill\windows_quill_cpp_r18.json
23:58:56 Quill INFO: Reached the maximum configured unbounded queue capacity and experienced 13 blocking occurrences on thread 23592
23:58:56 Quill INFO: Reached the maximum configured unbounded queue capacity and experienced 14 blocking occurrences on thread 24116
23:58:56 Quill INFO: Reached the maximum configured unbounded queue capacity and experienced 13 blocking occurrences on thread 13172
23:58:56 Quill INFO: Reached the maximum configured unbounded queue capacity and experienced 5 blocking occurrences on thread 15684
23:58:56 Quill INFO: Reached the maximum configured unbounded queue capacity and experienced 6 blocking occurrences on thread 21084
23:58:56 Quill INFO: Reached the maximum configured unbounded queue capacity and experienced 7 blocking occurrences on thread 4200
23:58:56 Quill INFO: Reached the maximum configured unbounded queue capacity and experienced 7 blocking occurrences on thread 19384
23:58:56 Quill INFO: Reached the maximum configured unbounded queue capacity and experienced 5 blocking occurrences on thread 6364
23:58:56 Quill INFO: Reached the maximum configured unbounded queue capacity and experienced 5 blocking occurrences on thread 17532
23:58:56 Quill INFO: Reached the maximum configured unbounded queue capacity and experienced 1 blocking occurrences on thread 21060
23:58:56 Quill INFO: Reached the maximum configured unbounded queue capacity and experienced 1 blocking occurrences on thread 17300
23:58:56 Quill INFO: Reached the maximum configured unbounded queue capacity and experienced 1 blocking occurrences on thread 724
23:58:56 Quill INFO: Reached the maximum configured unbounded queue capacity and experienced 1 blocking occurrences on thread 14628
23:58:56 Quill INFO: Reached the maximum configured unbounded queue capacity and experienced 3 blocking occurrences on thread 24796
23:58:56 Quill INFO: Reached the maximum configured unbounded queue capacity and experienced 3 blocking occurrences on thread 25152
23:58:56 Quill INFO: Reached the maximum configured unbounded queue capacity and experienced 2 blocking occurrences on thread 19472
23:58:56 Quill INFO: Reached the maximum configured unbounded queue capacity and experienced 2 blocking occurrences on thread 25848
23:58:56 Quill INFO: Reached the maximum configured unbounded queue capacity and experienced 1 blocking occurrences on thread 14212
23:58:56 Quill INFO: Reached the maximum configured unbounded queue capacity and experienced 1 blocking occurrences on thread 26244
23:58:56 Quill INFO: Reached the maximum configured unbounded queue capacity and experienced 1 blocking occurrences on thread 26304
23:58:56 Quill INFO: Reached the maximum configured unbounded queue capacity and experienced 1 blocking occurrences on thread 23004
