  single_int threads=1 ...
  [hotpath] single_int threads=1 calls=1000000 total=170.49ns ts=30.69 reserve=29.93 assemble=16.01 publish=15.80 cold=0.00 drops=0
  mixed threads=1 ...
  [hotpath] mixed threads=1 calls=1000000 total=171.65ns ts=31.05 reserve=29.83 assemble=17.25 publish=15.68 cold=0.00 drops=0
  string threads=1 ...
  [hotpath] string threads=1 calls=1000000 total=171.07ns ts=30.67 reserve=29.94 assemble=16.86 publish=15.85 cold=0.00 drops=0
  single_int threads=2 ...
  [hotpath] single_int threads=2 calls=1000000 total=168.06ns ts=30.65 reserve=28.74 assemble=15.60 publish=15.68 cold=0.00 drops=0
  mixed threads=2 ...
  [hotpath] mixed threads=2 calls=1000000 total=167.93ns ts=30.91 reserve=27.17 assemble=16.71 publish=15.72 cold=0.00 drops=0
  string threads=2 ...
  [hotpath] string threads=2 calls=1000000 total=178.16ns ts=31.60 reserve=33.30 assemble=17.82 publish=15.98 cold=0.00 drops=0
  single_int threads=4 ...
  [hotpath] single_int threads=4 calls=1000000 total=169.11ns ts=30.88 reserve=27.76 assemble=15.84 publish=15.66 cold=0.00 drops=0
  mixed threads=4 ...
  [hotpath] mixed threads=4 calls=1000000 total=179.21ns ts=31.11 reserve=32.70 assemble=19.66 publish=16.13 cold=0.00 drops=0
  string threads=4 ...
  [hotpath] string threads=4 calls=1000000 total=181.72ns ts=31.05 reserve=36.90 assemble=18.08 publish=16.22 cold=0.00 drops=0
  single_int threads=8 ...
  [hotpath] single_int threads=8 calls=1000000 total=160.43ns ts=31.56 reserve=16.37 assemble=16.13 publish=15.98 cold=0.00 drops=0
  mixed threads=8 ...
  [hotpath] mixed threads=8 calls=1000000 total=185.14ns ts=41.70 reserve=17.33 assemble=21.61 publish=17.89 cold=0.00 drops=0
  string threads=8 ...
  [hotpath] string threads=8 calls=1000000 total=171.25ns ts=32.90 reserve=18.11 assemble=19.50 publish=17.25 cold=0.00 drops=0
  single_int threads=16 ...
  [hotpath] single_int threads=16 calls=992000 total=191.88ns ts=34.92 reserve=17.33 assemble=16.92 publish=16.38 cold=0.00 drops=0
  mixed threads=16 ...
  [hotpath] mixed threads=16 calls=992000 total=180.01ns ts=35.18 reserve=17.13 assemble=22.26 publish=18.08 cold=0.00 drops=0
  string threads=16 ...
  [hotpath] string threads=16 calls=992000 total=191.27ns ts=32.32 reserve=17.67 assemble=29.86 publish=17.67 cold=0.00 drops=0
done -> C:\Users\Admin\Desktop\ticklog\cross-lang-bench\results_quill\windows_ticklog_quill_prof.json
