queue_capacity_bytes=8388608 samples=1000 batch=1000
  single_int threads=1 ...
  mixed threads=1 ...
  string threads=1 ...
  single_int threads=2 ...
  mixed threads=2 ...
  string threads=2 ...
  single_int threads=4 ...
  mixed threads=4 ...
  string threads=4 ...
  single_int threads=8 ...
  mixed threads=8 ...
  string threads=8 ...
  single_int threads=16 ...
  mixed threads=16 ...
  string threads=16 ...
done -> C:\Users\Admin\Desktop\ticklog\cross-lang-bench\results_quill\windows_quill_cpp_r16.json
19:14:43 Quill INFO: Reached the maximum configured unbounded queue capacity and experienced 13 blocking occurrences on thread 22436
19:14:43 Quill INFO: Reached the maximum configured unbounded queue capacity and experienced 14 blocking occurrences on thread 14420
19:14:43 Quill INFO: Reached the maximum configured unbounded queue capacity and experienced 13 blocking occurrences on thread 15424
19:14:43 Quill INFO: Reached the maximum configured unbounded queue capacity and experienced 5 blocking occurrences on thread 20912
19:14:43 Quill INFO: Reached the maximum configured unbounded queue capacity and experienced 6 blocking occurrences on thread 22696
19:14:43 Quill INFO: Reached the maximum configured unbounded queue capacity and experienced 6 blocking occurrences on thread 6608
19:14:43 Quill INFO: Reached the maximum configured unbounded queue capacity and experienced 7 blocking occurrences on thread 13600
19:14:43 Quill INFO: Reached the maximum configured unbounded queue capacity and experienced 5 blocking occurrences on thread 14116
19:14:43 Quill INFO: Reached the maximum configured unbounded queue capacity and experienced 6 blocking occurrences on thread 8640
19:14:43 Quill INFO: Reached the maximum configured unbounded queue capacity and experienced 1 blocking occurrences on thread 7880
19:14:43 Quill INFO: Reached the maximum configured unbounded queue capacity and experienced 1 blocking occurrences on thread 5184
19:14:43 Quill INFO: Reached the maximum configured unbounded queue capacity and experienced 1 blocking occurrences on thread 24464
19:14:43 Quill INFO: Reached the maximum configured unbounded queue capacity and experienced 1 blocking occurrences on thread 19788
19:14:43 Quill INFO: Reached the maximum configured unbounded queue capacity and experienced 2 blocking occurrences on thread 14596
19:14:43 Quill INFO: Reached the maximum configured unbounded queue capacity and experienced 2 blocking occurrences on thread 3948
19:14:43 Quill INFO: Reached the maximum configured unbounded queue capacity and experienced 2 blocking occurrences on thread 21564
19:14:43 Quill INFO: Reached the maximum configured unbounded queue capacity and experienced 2 blocking occurrences on thread 16664
19:14:43 Quill INFO: Reached the maximum configured unbounded queue capacity and experienced 1 blocking occurrences on thread 21656
19:14:43 Quill INFO: Reached the maximum configured unbounded queue capacity and experienced 1 blocking occurrences on thread 19100
19:14:43 Quill INFO: Reached the maximum configured unbounded queue capacity and experienced 1 blocking occurrences on thread 22396
19:14:43 Quill INFO: Reached the maximum configured unbounded queue capacity and experienced 1 blocking occurrences on thread 16152
