queue_capacity_bytes=8388608 samples=1000 batch=1000
  single_int threads=1 ...
  mixed threads=1 ...
  string threads=1 ...
  single_int threads=2 ...
  mixed threads=2 ...
  string threads=2 ...
  single_int threads=4 ...
  mixed threads=4 ...
  string threads=4 ...
  single_int threads=8 ...
  mixed threads=8 ...
  string threads=8 ...
  single_int threads=16 ...
  mixed threads=16 ...
  string threads=16 ...
done -> C:\Users\Admin\Desktop\ticklog\cross-lang-bench\results_quill\windows_quill_cpp_r17.json
22:18:11 Quill INFO: Reached the maximum configured unbounded queue capacity and experienced 13 blocking occurrences on thread 7380
22:18:11 Quill INFO: Reached the maximum configured unbounded queue capacity and experienced 14 blocking occurrences on thread 22680
22:18:11 Quill INFO: Reached the maximum configured unbounded queue capacity and experienced 13 blocking occurrences on thread 26372
22:18:11 Quill INFO: Reached the maximum configured unbounded queue capacity and experienced 5 blocking occurrences on thread 7844
22:18:11 Quill INFO: Reached the maximum configured unbounded queue capacity and experienced 6 blocking occurrences on thread 23764
22:18:11 Quill INFO: Reached the maximum configured unbounded queue capacity and experienced 6 blocking occurrences on thread 13904
22:18:11 Quill INFO: Reached the maximum configured unbounded queue capacity and experienced 7 blocking occurrences on thread 15024
22:18:11 Quill INFO: Reached the maximum configured unbounded queue capacity and experienced 5 blocking occurrences on thread 8888
22:18:11 Quill INFO: Reached the maximum configured unbounded queue capacity and experienced 6 blocking occurrences on thread 13556
22:18:11 Quill INFO: Reached the maximum configured unbounded queue capacity and experienced 1 blocking occurrences on thread 13340
22:18:11 Quill INFO: Reached the maximum configured unbounded queue capacity and experienced 1 blocking occurrences on thread 21780
22:18:11 Quill INFO: Reached the maximum configured unbounded queue capacity and experienced 1 blocking occurrences on thread 23620
22:18:11 Quill INFO: Reached the maximum configured unbounded queue capacity and experienced 1 blocking occurrences on thread 17200
22:18:11 Quill INFO: Reached the maximum configured unbounded queue capacity and experienced 2 blocking occurrences on thread 27024
22:18:11 Quill INFO: Reached the maximum configured unbounded queue capacity and experienced 2 blocking occurrences on thread 7624
22:18:11 Quill INFO: Reached the maximum configured unbounded queue capacity and experienced 2 blocking occurrences on thread 19000
22:18:11 Quill INFO: Reached the maximum configured unbounded queue capacity and experienced 2 blocking occurrences on thread 9940
22:18:11 Quill INFO: Reached the maximum configured unbounded queue capacity and experienced 1 blocking occurrences on thread 27360
22:18:11 Quill INFO: Reached the maximum configured unbounded queue capacity and experienced 1 blocking occurrences on thread 20052
22:18:11 Quill INFO: Reached the maximum configured unbounded queue capacity and experienced 1 blocking occurrences on thread 27564
22:18:11 Quill INFO: Reached the maximum configured unbounded queue capacity and experienced 1 blocking occurrences on thread 26844
