  single_int threads=1 ...
  [hotpath] single_int threads=1 calls=131071 total=987.85ns ts=235.61 reserve=325.11 assemble=24.71 publish=16.20 cold=101.78 drops=868929
  mixed threads=1 ...
  [hotpath] mixed threads=1 calls=131071 total=977.46ns ts=233.43 reserve=320.87 assemble=24.87 publish=16.30 cold=101.32 drops=868929
  string threads=1 ...
  [hotpath] string threads=1 calls=281472 total=518.92ns ts=123.89 reserve=151.29 assemble=16.93 publish=15.56 cold=45.57 drops=718528
  single_int threads=2 ...
  [hotpath] single_int threads=2 calls=262142 total=517.31ns ts=119.69 reserve=148.74 assemble=21.19 publish=16.07 cold=43.92 drops=737858
  mixed threads=2 ...
  [hotpath] mixed threads=2 calls=262142 total=513.03ns ts=116.38 reserve=146.76 assemble=23.79 publish=15.99 cold=43.04 drops=737858
  string threads=2 ...
  [hotpath] string threads=2 calls=262142 total=524.65ns ts=118.92 reserve=148.92 assemble=28.38 publish=16.33 cold=43.94 drops=737858
  single_int threads=4 ...
  [hotpath] single_int threads=4 calls=524284 total=276.81ns ts=60.29 reserve=58.53 assemble=20.30 publish=16.26 cold=14.30 drops=475716
  mixed threads=4 ...
  [hotpath] mixed threads=4 calls=524284 total=331.54ns ts=68.32 reserve=69.68 assemble=28.86 publish=16.58 cold=18.88 drops=475716
  string threads=4 ...
  [hotpath] string threads=4 calls=524284 total=330.46ns ts=69.36 reserve=69.11 assemble=37.30 publish=17.57 cold=16.47 drops=475716
  single_int threads=8 ...
  [hotpath] single_int threads=8 calls=1000000 total=203.65ns ts=41.36 reserve=17.53 assemble=36.64 publish=17.91 cold=0.00 drops=0
  mixed threads=8 ...
  [hotpath] mixed threads=8 calls=1000000 total=199.78ns ts=36.80 reserve=18.02 assemble=37.75 publish=17.62 cold=0.00 drops=0
  string threads=8 ...
  [hotpath] string threads=8 calls=1000000 total=211.76ns ts=34.53 reserve=19.35 assemble=31.42 publish=20.75 cold=0.00 drops=0
  single_int threads=16 ...
  [hotpath] single_int threads=16 calls=992000 total=271.43ns ts=45.57 reserve=19.62 assemble=32.85 publish=21.39 cold=0.00 drops=0
  mixed threads=16 ...
  [hotpath] mixed threads=16 calls=992000 total=288.78ns ts=67.21 reserve=21.27 assemble=59.60 publish=23.47 cold=0.00 drops=0
  string threads=16 ...
  [hotpath] string threads=16 calls=992000 total=264.81ns ts=37.51 reserve=24.12 assemble=47.53 publish=18.62 cold=0.00 drops=0
done -> C:\Users\Admin\Desktop\ticklog\cross-lang-bench\results_quill\windows_ticklog_custom_drop_prof.json
