  single_int threads=1 ...
  [hotpath] single_int threads=1 calls=1000000 total=351.73ns ts=31.92 reserve=208.73 assemble=15.81 publish=16.31 cold=0.00 drops=0
  mixed threads=1 ...
  [hotpath] mixed threads=1 calls=1000000 total=659.96ns ts=31.25 reserve=515.31 assemble=18.03 publish=15.91 cold=0.00 drops=0
  string threads=1 ...
  [hotpath] string threads=1 calls=1000000 total=399.40ns ts=31.68 reserve=254.27 assemble=17.75 publish=16.20 cold=0.00 drops=0
  single_int threads=2 ...
  [hotpath] single_int threads=2 calls=1000000 total=463.05ns ts=31.45 reserve=319.82 assemble=15.75 publish=16.02 cold=0.00 drops=0
  mixed threads=2 ...
  [hotpath] mixed threads=2 calls=1000000 total=751.25ns ts=31.84 reserve=602.37 assemble=19.83 publish=16.46 cold=0.00 drops=0
  string threads=2 ...
  [hotpath] string threads=2 calls=1000000 total=496.71ns ts=31.63 reserve=351.11 assemble=17.98 publish=16.27 cold=0.00 drops=0
  single_int threads=4 ...
  [hotpath] single_int threads=4 calls=1000000 total=418.83ns ts=32.13 reserve=272.47 assemble=16.59 publish=16.27 cold=0.00 drops=0
  mixed threads=4 ...
  [hotpath] mixed threads=4 calls=1000000 total=624.75ns ts=31.39 reserve=477.72 assemble=19.52 publish=16.26 cold=0.00 drops=0
  string threads=4 ...
  [hotpath] string threads=4 calls=1000000 total=556.17ns ts=31.99 reserve=409.72 assemble=18.01 publish=16.37 cold=0.00 drops=0
  single_int threads=8 ...
  [hotpath] single_int threads=8 calls=1000000 total=166.40ns ts=33.20 reserve=17.36 assemble=16.54 publish=16.46 cold=0.00 drops=0
  mixed threads=8 ...
  [hotpath] mixed threads=8 calls=1000000 total=169.68ns ts=32.15 reserve=17.00 assemble=21.05 publish=16.94 cold=0.00 drops=0
  string threads=8 ...
  [hotpath] string threads=8 calls=1000000 total=170.86ns ts=32.56 reserve=17.26 assemble=19.74 publish=17.23 cold=0.00 drops=0
  single_int threads=16 ...
  [hotpath] single_int threads=16 calls=992000 total=177.73ns ts=34.27 reserve=17.23 assemble=16.70 publish=16.57 cold=0.00 drops=0
  mixed threads=16 ...
  [hotpath] mixed threads=16 calls=992000 total=182.19ns ts=33.20 reserve=17.93 assemble=22.67 publish=17.63 cold=0.00 drops=0
  string threads=16 ...
  [hotpath] string threads=16 calls=992000 total=183.34ns ts=32.70 reserve=17.33 assemble=30.78 publish=20.08 cold=0.00 drops=0
done -> C:\Users\Admin\Desktop\ticklog\cross-lang-bench\results_quill\windows_ticklog_nanolog_prof.json
