queue_capacity_bytes=8388608 samples=1000 batch=1000
  single_int threads=1 ...
  mixed threads=1 ...
  string threads=1 ...
  single_int threads=2 ...
  mixed threads=2 ...
  string threads=2 ...
  single_int threads=4 ...
  mixed threads=4 ...
  string threads=4 ...
  single_int threads=8 ...
  mixed threads=8 ...
  string threads=8 ...
  single_int threads=16 ...
  mixed threads=16 ...
  string threads=16 ...
done -> C:\Users\Admin\Desktop\ticklog\cross-lang-bench\results_quill\windows_quill_cpp_r14.json
16:50:19 Quill INFO: Reached the maximum configured unbounded queue capacity and experienced 13 blocking occurrences on thread 23288
16:50:19 Quill INFO: Reached the maximum configured unbounded queue capacity and experienced 14 blocking occurrences on thread 2784
16:50:19 Quill INFO: Reached the maximum configured unbounded queue capacity and experienced 13 blocking occurrences on thread 22732
16:50:19 Quill INFO: Reached the maximum configured unbounded queue capacity and experienced 5 blocking occurrences on thread 5188
16:50:19 Quill INFO: Reached the maximum configured unbounded queue capacity and experienced 6 blocking occurrences on thread 23188
16:50:19 Quill INFO: Reached the maximum configured unbounded queue capacity and experienced 6 blocking occurrences on thread 8636
16:50:19 Quill INFO: Reached the maximum configured unbounded queue capacity and experienced 8 blocking occurrences on thread 21104
16:50:19 Quill INFO: Reached the maximum configured unbounded queue capacity and experienced 5 blocking occurrences on thread 4696
16:50:19 Quill INFO: Reached the maximum configured unbounded queue capacity and experienced 5 blocking occurrences on thread 24372
16:50:19 Quill INFO: Reached the maximum configured unbounded queue capacity and experienced 1 blocking occurrences on thread 19328
16:50:19 Quill INFO: Reached the maximum configured unbounded queue capacity and experienced 1 blocking occurrences on thread 3444
16:50:19 Quill INFO: Reached the maximum configured unbounded queue capacity and experienced 1 blocking occurrences on thread 14240
16:50:19 Quill INFO: Reached the maximum configured unbounded queue capacity and experienced 1 blocking occurrences on thread 1940
16:50:19 Quill INFO: Reached the maximum configured unbounded queue capacity and experienced 3 blocking occurrences on thread 1988
16:50:19 Quill INFO: Reached the maximum configured unbounded queue capacity and experienced 2 blocking occurrences on thread 16168
16:50:19 Quill INFO: Reached the maximum configured unbounded queue capacity and experienced 3 blocking occurrences on thread 14768
16:50:19 Quill INFO: Reached the maximum configured unbounded queue capacity and experienced 3 blocking occurrences on thread 20144
16:50:19 Quill INFO: Reached the maximum configured unbounded queue capacity and experienced 1 blocking occurrences on thread 1956
16:50:19 Quill INFO: Reached the maximum configured unbounded queue capacity and experienced 1 blocking occurrences on thread 22632
16:50:19 Quill INFO: Reached the maximum configured unbounded queue capacity and experienced 1 blocking occurrences on thread 4864
16:50:19 Quill INFO: Reached the maximum configured unbounded queue capacity and experienced 1 blocking occurrences on thread 15884
