  single_int threads=1 ...
  [hotpath] single_int threads=1 calls=131071 total=1037.82ns ts=242.05 reserve=332.09 assemble=57.53 publish=15.38 cold=103.26 drops=868929
  mixed threads=1 ...
  [hotpath] mixed threads=1 calls=131071 total=990.79ns ts=241.37 reserve=329.18 assemble=15.99 publish=15.32 cold=102.63 drops=868929
  string threads=1 ...
  [hotpath] string threads=1 calls=131071 total=1008.96ns ts=245.60 reserve=336.55 assemble=16.16 publish=19.62 cold=105.36 drops=868929
  single_int threads=2 ...
  [hotpath] single_int threads=2 calls=262142 total=571.55ns ts=120.74 reserve=151.94 assemble=68.12 publish=16.94 cold=46.45 drops=737858
  mixed threads=2 ...
  [hotpath] mixed threads=2 calls=262142 total=580.48ns ts=121.82 reserve=153.15 assemble=73.52 publish=16.74 cold=44.65 drops=737858
  string threads=2 ...
  [hotpath] string threads=2 calls=262142 total=504.09ns ts=118.64 reserve=147.29 assemble=15.87 publish=15.57 cold=43.13 drops=737858
  single_int threads=4 ...
  [hotpath] single_int threads=4 calls=524284 total=320.00ns ts=63.03 reserve=60.03 assemble=55.99 publish=15.86 cold=14.55 drops=475716
  mixed threads=4 ...
  [hotpath] mixed threads=4 calls=524284 total=340.73ns ts=61.07 reserve=61.35 assemble=76.51 publish=16.12 cold=14.39 drops=475716
  string threads=4 ...
  [hotpath] string threads=4 calls=524284 total=354.48ns ts=62.71 reserve=60.57 assemble=86.41 publish=16.91 cold=14.22 drops=475716
  single_int threads=8 ...
  [hotpath] single_int threads=8 calls=1000000 total=227.87ns ts=33.50 reserve=16.30 assemble=76.15 publish=17.08 cold=0.00 drops=0
  mixed threads=8 ...
  [hotpath] mixed threads=8 calls=1000000 total=311.82ns ts=46.85 reserve=25.37 assemble=126.07 publish=16.89 cold=0.00 drops=0
  string threads=8 ...
  [hotpath] string threads=8 calls=1000000 total=306.14ns ts=36.39 reserve=17.53 assemble=119.82 publish=22.54 cold=0.00 drops=0
  single_int threads=16 ...
  [hotpath] single_int threads=16 calls=992000 total=306.09ns ts=35.19 reserve=19.74 assemble=135.97 publish=22.52 cold=0.00 drops=0
  mixed threads=16 ...
  [hotpath] mixed threads=16 calls=992000 total=307.32ns ts=49.00 reserve=24.14 assemble=113.77 publish=27.32 cold=0.00 drops=0
  string threads=16 ...
  [hotpath] string threads=16 calls=992000 total=277.41ns ts=34.18 reserve=30.90 assemble=97.97 publish=19.53 cold=0.00 drops=0
done -> /mnt/c/Users/Admin/Desktop/ticklog/cross-lang-bench/results_quill/wsl_ticklog_custom_drop_prof.json
