queue_capacity_bytes=8388608 samples=1000 batch=1000
  single_int threads=1 ...
  mixed threads=1 ...
  string threads=1 ...
  single_int threads=2 ...
  mixed threads=2 ...
  string threads=2 ...
  single_int threads=4 ...
  mixed threads=4 ...
  string threads=4 ...
  single_int threads=8 ...
  mixed threads=8 ...
  string threads=8 ...
  single_int threads=16 ...
  mixed threads=16 ...
  string threads=16 ...
done -> /mnt/c/Users/Admin/Desktop/ticklog/cross-lang-bench/results_quill/wsl_quill_cpp_v13_r17.json
22:19:35 Quill INFO: Reached the maximum configured unbounded queue capacity and experienced 13 blocking occurrences on thread 733
22:19:35 Quill INFO: Reached the maximum configured unbounded queue capacity and experienced 14 blocking occurrences on thread 734
22:19:35 Quill INFO: Reached the maximum configured unbounded queue capacity and experienced 13 blocking occurrences on thread 735
22:19:35 Quill INFO: Reached the maximum configured unbounded queue capacity and experienced 5 blocking occurrences on thread 736
22:19:35 Quill INFO: Reached the maximum configured unbounded queue capacity and experienced 6 blocking occurrences on thread 737
22:19:35 Quill INFO: Reached the maximum configured unbounded queue capacity and experienced 8 blocking occurrences on thread 739
22:19:35 Quill INFO: Reached the maximum configured unbounded queue capacity and experienced 8 blocking occurrences on thread 738
22:19:35 Quill INFO: Reached the maximum configured unbounded queue capacity and experienced 6 blocking occurrences on thread 740
22:19:35 Quill INFO: Reached the maximum configured unbounded queue capacity and experienced 7 blocking occurrences on thread 741
22:19:35 Quill INFO: Reached the maximum configured unbounded queue capacity and experienced 1 blocking occurrences on thread 745
22:19:35 Quill INFO: Reached the maximum configured unbounded queue capacity and experienced 1 blocking occurrences on thread 743
22:19:35 Quill INFO: Reached the maximum configured unbounded queue capacity and experienced 1 blocking occurrences on thread 744
22:19:35 Quill INFO: Reached the maximum configured unbounded queue capacity and experienced 1 blocking occurrences on thread 742
22:19:35 Quill INFO: Reached the maximum configured unbounded queue capacity and experienced 3 blocking occurrences on thread 748
22:19:35 Quill INFO: Reached the maximum configured unbounded queue capacity and experienced 3 blocking occurrences on thread 747
22:19:35 Quill INFO: Reached the maximum configured unbounded queue capacity and experienced 3 blocking occurrences on thread 749
22:19:35 Quill INFO: Reached the maximum configured unbounded queue capacity and experienced 3 blocking occurrences on thread 746
22:19:35 Quill INFO: Reached the maximum configured unbounded queue capacity and experienced 1 blocking occurrences on thread 750
22:19:35 Quill INFO: Reached the maximum configured unbounded queue capacity and experienced 1 blocking occurrences on thread 752
22:19:35 Quill INFO: Reached the maximum configured unbounded queue capacity and experienced 1 blocking occurrences on thread 753
22:19:35 Quill INFO: Reached the maximum configured unbounded queue capacity and experienced 1 blocking occurrences on thread 751
