queue_capacity_bytes=8388608 samples=1000 batch=1000
  single_int threads=1 ...
  mixed threads=1 ...
  string threads=1 ...
  single_int threads=2 ...
  mixed threads=2 ...
  string threads=2 ...
  single_int threads=4 ...
  mixed threads=4 ...
  string threads=4 ...
  single_int threads=8 ...
  mixed threads=8 ...
  string threads=8 ...
  single_int threads=16 ...
  mixed threads=16 ...
  string threads=16 ...
done -> /mnt/c/Users/Admin/Desktop/ticklog/cross-lang-bench/results_quill/wsl_quill_cpp_r16.json
19:15:23 Quill INFO: Reached the maximum configured unbounded queue capacity and experienced 13 blocking occurrences on thread 833
19:15:23 Quill INFO: Reached the maximum configured unbounded queue capacity and experienced 14 blocking occurrences on thread 834
19:15:23 Quill INFO: Reached the maximum configured unbounded queue capacity and experienced 13 blocking occurrences on thread 838
19:15:23 Quill INFO: Reached the maximum configured unbounded queue capacity and experienced 6 blocking occurrences on thread 839
19:15:23 Quill INFO: Reached the maximum configured unbounded queue capacity and experienced 7 blocking occurrences on thread 840
19:15:23 Quill INFO: Reached the maximum configured unbounded queue capacity and experienced 8 blocking occurrences on thread 841
19:15:23 Quill INFO: Reached the maximum configured unbounded queue capacity and experienced 8 blocking occurrences on thread 842
19:15:23 Quill INFO: Reached the maximum configured unbounded queue capacity and experienced 5 blocking occurrences on thread 843
19:15:23 Quill INFO: Reached the maximum configured unbounded queue capacity and experienced 6 blocking occurrences on thread 844
19:15:23 Quill INFO: Reached the maximum configured unbounded queue capacity and experienced 1 blocking occurrences on thread 847
19:15:23 Quill INFO: Reached the maximum configured unbounded queue capacity and experienced 1 blocking occurrences on thread 845
19:15:23 Quill INFO: Reached the maximum configured unbounded queue capacity and experienced 1 blocking occurrences on thread 848
19:15:23 Quill INFO: Reached the maximum configured unbounded queue capacity and experienced 1 blocking occurrences on thread 846
19:15:23 Quill INFO: Reached the maximum configured unbounded queue capacity and experienced 2 blocking occurrences on thread 849
19:15:23 Quill INFO: Reached the maximum configured unbounded queue capacity and experienced 2 blocking occurrences on thread 851
19:15:23 Quill INFO: Reached the maximum configured unbounded queue capacity and experienced 2 blocking occurrences on thread 852
19:15:23 Quill INFO: Reached the maximum configured unbounded queue capacity and experienced 3 blocking occurrences on thread 850
19:15:23 Quill INFO: Reached the maximum configured unbounded queue capacity and experienced 1 blocking occurrences on thread 855
19:15:23 Quill INFO: Reached the maximum configured unbounded queue capacity and experienced 1 blocking occurrences on thread 854
19:15:23 Quill INFO: Reached the maximum configured unbounded queue capacity and experienced 1 blocking occurrences on thread 853
19:15:23 Quill INFO: Reached the maximum configured unbounded queue capacity and experienced 1 blocking occurrences on thread 856
