  single_int threads=1 ...
  [hotpath] single_int threads=1 calls=1000000 total=353.28ns ts=30.83 reserve=208.25 assemble=20.06 publish=15.67 cold=0.00 drops=0
  mixed threads=1 ...
  [hotpath] mixed threads=1 calls=1000000 total=573.15ns ts=30.78 reserve=432.15 assemble=16.48 publish=15.85 cold=0.00 drops=0
  string threads=1 ...
  [hotpath] string threads=1 calls=1000000 total=339.15ns ts=30.91 reserve=198.32 assemble=16.29 publish=15.59 cold=0.00 drops=0
  single_int threads=2 ...
  [hotpath] single_int threads=2 calls=1000000 total=466.49ns ts=31.12 reserve=324.74 assemble=16.04 publish=15.65 cold=0.00 drops=0
  mixed threads=2 ...
  [hotpath] mixed threads=2 calls=1000000 total=708.98ns ts=31.56 reserve=562.04 assemble=18.05 publish=16.45 cold=0.00 drops=0
  string threads=2 ...
  [hotpath] string threads=2 calls=1000000 total=487.52ns ts=31.40 reserve=343.32 assemble=16.89 publish=16.15 cold=0.00 drops=0
  single_int threads=4 ...
  [hotpath] single_int threads=4 calls=1000000 total=382.67ns ts=31.39 reserve=240.86 assemble=15.63 publish=16.08 cold=0.00 drops=0
  mixed threads=4 ...
  [hotpath] mixed threads=4 calls=1000000 total=602.14ns ts=32.80 reserve=453.25 assemble=18.73 publish=16.51 cold=0.00 drops=0
  string threads=4 ...
  [hotpath] string threads=4 calls=1000000 total=414.81ns ts=31.17 reserve=272.59 assemble=16.14 publish=15.91 cold=0.00 drops=0
  single_int threads=8 ...
  [hotpath] single_int threads=8 calls=1000000 total=163.58ns ts=32.08 reserve=17.12 assemble=16.73 publish=16.49 cold=0.00 drops=0
  mixed threads=8 ...
  [hotpath] mixed threads=8 calls=1000000 total=166.82ns ts=31.79 reserve=16.94 assemble=18.89 publish=17.07 cold=0.00 drops=0
  string threads=8 ...
  [hotpath] string threads=8 calls=1000000 total=163.15ns ts=31.99 reserve=16.52 assemble=17.71 publish=16.75 cold=0.00 drops=0
  single_int threads=16 ...
  [hotpath] single_int threads=16 calls=992000 total=178.22ns ts=32.39 reserve=18.04 assemble=17.11 publish=17.03 cold=0.00 drops=0
  mixed threads=16 ...
  [hotpath] mixed threads=16 calls=992000 total=189.38ns ts=33.65 reserve=17.97 assemble=25.40 publish=17.59 cold=0.00 drops=0
  string threads=16 ...
  [hotpath] string threads=16 calls=992000 total=180.26ns ts=40.25 reserve=18.33 assemble=22.31 publish=16.64 cold=0.00 drops=0
done -> /mnt/c/Users/Admin/Desktop/ticklog/cross-lang-bench/results_quill/wsl_ticklog_nanolog_prof.json
