queue_capacity_bytes=8388608 samples=1000 batch=1000
  single_int threads=1 ...
  mixed threads=1 ...
  string threads=1 ...
  single_int threads=2 ...
  mixed threads=2 ...
  string threads=2 ...
  single_int threads=4 ...
  mixed threads=4 ...
  string threads=4 ...
  single_int threads=8 ...
  mixed threads=8 ...
  string threads=8 ...
  single_int threads=16 ...
  mixed threads=16 ...
  string threads=16 ...
done -> /mnt/c/Users/Admin/Desktop/ticklog/cross-lang-bench/results_quill/wsl_quill_cpp_v13_r16.json
19:49:46 Quill INFO: Reached the maximum configured unbounded queue capacity and experienced 13 blocking occurrences on thread 455
19:49:46 Quill INFO: Reached the maximum configured unbounded queue capacity and experienced 14 blocking occurrences on thread 456
19:49:46 Quill INFO: Reached the maximum configured unbounded queue capacity and experienced 13 blocking occurrences on thread 457
19:49:46 Quill INFO: Reached the maximum configured unbounded queue capacity and experienced 5 blocking occurrences on thread 459
19:49:46 Quill INFO: Reached the maximum configured unbounded queue capacity and experienced 6 blocking occurrences on thread 458
19:49:46 Quill INFO: Reached the maximum configured unbounded queue capacity and experienced 7 blocking occurrences on thread 461
19:49:46 Quill INFO: Reached the maximum configured unbounded queue capacity and experienced 8 blocking occurrences on thread 460
19:49:46 Quill INFO: Reached the maximum configured unbounded queue capacity and experienced 5 blocking occurrences on thread 463
19:49:46 Quill INFO: Reached the maximum configured unbounded queue capacity and experienced 6 blocking occurrences on thread 462
19:49:46 Quill INFO: Reached the maximum configured unbounded queue capacity and experienced 2 blocking occurrences on thread 466
19:49:46 Quill INFO: Reached the maximum configured unbounded queue capacity and experienced 1 blocking occurrences on thread 465
19:49:46 Quill INFO: Reached the maximum configured unbounded queue capacity and experienced 2 blocking occurrences on thread 464
19:49:46 Quill INFO: Reached the maximum configured unbounded queue capacity and experienced 1 blocking occurrences on thread 467
19:49:46 Quill INFO: Reached the maximum configured unbounded queue capacity and experienced 3 blocking occurrences on thread 468
19:49:46 Quill INFO: Reached the maximum configured unbounded queue capacity and experienced 3 blocking occurrences on thread 471
19:49:46 Quill INFO: Reached the maximum configured unbounded queue capacity and experienced 3 blocking occurrences on thread 469
19:49:46 Quill INFO: Reached the maximum configured unbounded queue capacity and experienced 3 blocking occurrences on thread 470
19:49:46 Quill INFO: Reached the maximum configured unbounded queue capacity and experienced 2 blocking occurrences on thread 474
19:49:46 Quill INFO: Reached the maximum configured unbounded queue capacity and experienced 2 blocking occurrences on thread 472
19:49:46 Quill INFO: Reached the maximum configured unbounded queue capacity and experienced 2 blocking occurrences on thread 475
19:49:46 Quill INFO: Reached the maximum configured unbounded queue capacity and experienced 2 blocking occurrences on thread 473
