queue_capacity_bytes=8388608 samples=1000 batch=1000
  single_int threads=1 ...
  mixed threads=1 ...
  string threads=1 ...
  single_int threads=2 ...
  mixed threads=2 ...
  string threads=2 ...
  single_int threads=4 ...
  mixed threads=4 ...
  string threads=4 ...
  single_int threads=8 ...
  mixed threads=8 ...
  string threads=8 ...
  single_int threads=16 ...
  mixed threads=16 ...
  string threads=16 ...
done -> /mnt/c/Users/Admin/Desktop/ticklog/cross-lang-bench/results_quill/wsl_quill_cpp_r14.json
16:48:30 Quill INFO: Reached the maximum configured unbounded queue capacity and experienced 12 blocking occurrences on thread 840
16:48:30 Quill INFO: Reached the maximum configured unbounded queue capacity and experienced 14 blocking occurrences on thread 841
16:48:30 Quill INFO: Reached the maximum configured unbounded queue capacity and experienced 13 blocking occurrences on thread 845
16:48:30 Quill INFO: Reached the maximum configured unbounded queue capacity and experienced 5 blocking occurrences on thread 847
16:48:30 Quill INFO: Reached the maximum configured unbounded queue capacity and experienced 6 blocking occurrences on thread 846
16:48:30 Quill INFO: Reached the maximum configured unbounded queue capacity and experienced 7 blocking occurrences on thread 849
16:48:30 Quill INFO: Reached the maximum configured unbounded queue capacity and experienced 8 blocking occurrences on thread 848
16:48:30 Quill INFO: Reached the maximum configured unbounded queue capacity and experienced 5 blocking occurrences on thread 851
16:48:30 Quill INFO: Reached the maximum configured unbounded queue capacity and experienced 5 blocking occurrences on thread 850
16:48:30 Quill INFO: Reached the maximum configured unbounded queue capacity and experienced 1 blocking occurrences on thread 855
16:48:30 Quill INFO: Reached the maximum configured unbounded queue capacity and experienced 1 blocking occurrences on thread 852
16:48:30 Quill INFO: Reached the maximum configured unbounded queue capacity and experienced 1 blocking occurrences on thread 853
16:48:30 Quill INFO: Reached the maximum configured unbounded queue capacity and experienced 1 blocking occurrences on thread 854
16:48:30 Quill INFO: Reached the maximum configured unbounded queue capacity and experienced 3 blocking occurrences on thread 859
16:48:30 Quill INFO: Reached the maximum configured unbounded queue capacity and experienced 3 blocking occurrences on thread 856
16:48:30 Quill INFO: Reached the maximum configured unbounded queue capacity and experienced 4 blocking occurrences on thread 858
16:48:30 Quill INFO: Reached the maximum configured unbounded queue capacity and experienced 4 blocking occurrences on thread 857
16:48:30 Quill INFO: Reached the maximum configured unbounded queue capacity and experienced 1 blocking occurrences on thread 862
16:48:30 Quill INFO: Reached the maximum configured unbounded queue capacity and experienced 1 blocking occurrences on thread 860
16:48:30 Quill INFO: Reached the maximum configured unbounded queue capacity and experienced 1 blocking occurrences on thread 861
16:48:30 Quill INFO: Reached the maximum configured unbounded queue capacity and experienced 1 blocking occurrences on thread 863
