  single_int threads=1 ...
  [hotpath] single_int threads=1 calls=246723 total=529.69ns ts=136.63 reserve=69.55 assemble=16.57 publish=71.23 cold=0.00 drops=753277
  mixed threads=1 ...
  [hotpath] mixed threads=1 calls=147168 total=808.70ns ts=217.18 reserve=113.47 assemble=19.75 publish=90.97 cold=0.00 drops=852832
  string threads=1 ...
  [hotpath] string threads=1 calls=215092 total=565.33ns ts=148.51 reserve=77.92 assemble=18.58 publish=60.92 cold=0.00 drops=784908
  single_int threads=2 ...
  [hotpath] single_int threads=2 calls=493446 total=303.12ns ts=65.75 reserve=34.28 assemble=15.89 publish=54.76 cold=0.00 drops=506554
  mixed threads=2 ...
  [hotpath] mixed threads=2 calls=294336 total=484.56ns ts=121.06 reserve=58.77 assemble=17.66 publish=83.63 cold=0.00 drops=705664
  string threads=2 ...
  [hotpath] string threads=2 calls=430184 total=358.32ns ts=75.29 reserve=39.37 assemble=16.51 publish=81.53 cold=0.00 drops=569816
  single_int threads=4 ...
  [hotpath] single_int threads=4 calls=986892 total=232.81ns ts=32.90 reserve=17.82 assemble=16.92 publish=80.33 cold=0.00 drops=13108
  mixed threads=4 ...
  [hotpath] mixed threads=4 calls=588672 total=303.72ns ts=54.73 reserve=28.37 assemble=19.00 publish=84.72 cold=0.00 drops=411328
  string threads=4 ...
  [hotpath] string threads=4 calls=860368 total=256.20ns ts=37.16 reserve=19.87 assemble=18.68 publish=89.45 cold=0.00 drops=139632
  single_int threads=8 ...
  [hotpath] single_int threads=8 calls=1000000 total=258.98ns ts=33.92 reserve=17.59 assemble=17.80 publish=101.11 cold=0.00 drops=0
  mixed threads=8 ...
  [hotpath] mixed threads=8 calls=1000000 total=315.63ns ts=32.65 reserve=17.08 assemble=20.59 publish=158.39 cold=0.00 drops=0
  string threads=8 ...
  [hotpath] string threads=8 calls=1000000 total=273.30ns ts=33.25 reserve=17.54 assemble=19.44 publish=115.84 cold=0.00 drops=0
  single_int threads=16 ...
  [hotpath] single_int threads=16 calls=992000 total=429.33ns ts=42.10 reserve=17.49 assemble=17.02 publish=256.98 cold=0.00 drops=0
  mixed threads=16 ...
  [hotpath] mixed threads=16 calls=992000 total=323.42ns ts=37.96 reserve=25.47 assemble=24.33 publish=140.00 cold=0.00 drops=0
  string threads=16 ...
  [hotpath] string threads=16 calls=992000 total=274.27ns ts=43.43 reserve=18.15 assemble=19.41 publish=88.91 cold=0.00 drops=0
done -> /mnt/c/Users/Admin/Desktop/ticklog/cross-lang-bench/results_quill/wsl_ticklog_rtrb_drop_prof.json
