queue_capacity_bytes=8388608 samples=1000 batch=1000
  single_int threads=1 ...
  mixed threads=1 ...
  string threads=1 ...
  single_int threads=2 ...
  mixed threads=2 ...
  string threads=2 ...
  single_int threads=4 ...
  mixed threads=4 ...
  string threads=4 ...
  single_int threads=8 ...
  mixed threads=8 ...
  string threads=8 ...
  single_int threads=16 ...
  mixed threads=16 ...
  string threads=16 ...
done -> /mnt/c/Users/Admin/Desktop/ticklog/cross-lang-bench/results_quill/wsl_quill_cpp_v13_r18.json
00:00:25 Quill INFO: Reached the maximum configured unbounded queue capacity and experienced 13 blocking occurrences on thread 661
00:00:25 Quill INFO: Reached the maximum configured unbounded queue capacity and experienced 14 blocking occurrences on thread 662
00:00:25 Quill INFO: Reached the maximum configured unbounded queue capacity and experienced 13 blocking occurrences on thread 663
00:00:25 Quill INFO: Reached the maximum configured unbounded queue capacity and experienced 5 blocking occurrences on thread 665
00:00:25 Quill INFO: Reached the maximum configured unbounded queue capacity and experienced 6 blocking occurrences on thread 664
00:00:25 Quill INFO: Reached the maximum configured unbounded queue capacity and experienced 8 blocking occurrences on thread 666
00:00:25 Quill INFO: Reached the maximum configured unbounded queue capacity and experienced 8 blocking occurrences on thread 667
00:00:25 Quill INFO: Reached the maximum configured unbounded queue capacity and experienced 5 blocking occurrences on thread 668
00:00:25 Quill INFO: Reached the maximum configured unbounded queue capacity and experienced 5 blocking occurrences on thread 669
00:00:25 Quill INFO: Reached the maximum configured unbounded queue capacity and experienced 1 blocking occurrences on thread 671
00:00:25 Quill INFO: Reached the maximum configured unbounded queue capacity and experienced 1 blocking occurrences on thread 670
00:00:25 Quill INFO: Reached the maximum configured unbounded queue capacity and experienced 1 blocking occurrences on thread 673
00:00:25 Quill INFO: Reached the maximum configured unbounded queue capacity and experienced 1 blocking occurrences on thread 672
00:00:25 Quill INFO: Reached the maximum configured unbounded queue capacity and experienced 2 blocking occurrences on thread 675
00:00:25 Quill INFO: Reached the maximum configured unbounded queue capacity and experienced 2 blocking occurrences on thread 676
00:00:25 Quill INFO: Reached the maximum configured unbounded queue capacity and experienced 2 blocking occurrences on thread 674
00:00:25 Quill INFO: Reached the maximum configured unbounded queue capacity and experienced 2 blocking occurrences on thread 677
00:00:25 Quill INFO: Reached the maximum configured unbounded queue capacity and experienced 1 blocking occurrences on thread 690
00:00:25 Quill INFO: Reached the maximum configured unbounded queue capacity and experienced 1 blocking occurrences on thread 688
00:00:25 Quill INFO: Reached the maximum configured unbounded queue capacity and experienced 1 blocking occurrences on thread 689
00:00:25 Quill INFO: Reached the maximum configured unbounded queue capacity and experienced 1 blocking occurrences on thread 687
