  single_int threads=1 ...
  [hotpath] single_int threads=1 calls=1000000 total=228.77ns ts=32.17 reserve=80.66 assemble=17.13 publish=16.59 cold=0.00 drops=0
  mixed threads=1 ...
  [hotpath] mixed threads=1 calls=1000000 total=235.68ns ts=32.88 reserve=84.23 assemble=19.10 publish=16.96 cold=0.00 drops=0
  string threads=1 ...
  [hotpath] string threads=1 calls=1000000 total=286.16ns ts=32.20 reserve=133.26 assemble=21.05 publish=17.71 cold=0.00 drops=0
  single_int threads=2 ...
  [hotpath] single_int threads=2 calls=1000000 total=265.50ns ts=32.22 reserve=117.58 assemble=17.76 publish=16.91 cold=0.00 drops=0
  mixed threads=2 ...
  [hotpath] mixed threads=2 calls=1000000 total=253.59ns ts=32.62 reserve=102.62 assemble=20.12 publish=16.52 cold=0.00 drops=0
  string threads=2 ...
  [hotpath] string threads=2 calls=1000000 total=258.40ns ts=32.47 reserve=106.93 assemble=19.30 publish=16.36 cold=0.00 drops=0
  single_int threads=4 ...
  [hotpath] single_int threads=4 calls=1000000 total=290.86ns ts=41.95 reserve=113.99 assemble=22.13 publish=17.70 cold=0.00 drops=0
  mixed threads=4 ...
  [hotpath] mixed threads=4 calls=1000000 total=238.78ns ts=33.49 reserve=85.48 assemble=19.11 publish=17.36 cold=0.00 drops=0
  string threads=4 ...
  [hotpath] string threads=4 calls=1000000 total=237.95ns ts=33.06 reserve=85.59 assemble=19.05 publish=16.76 cold=0.00 drops=0
  single_int threads=8 ...
  [hotpath] single_int threads=8 calls=1000000 total=167.91ns ts=33.15 reserve=17.30 assemble=16.78 publish=16.78 cold=0.00 drops=0
  mixed threads=8 ...
  [hotpath] mixed threads=8 calls=1000000 total=168.61ns ts=32.77 reserve=17.00 assemble=19.60 publish=16.53 cold=0.00 drops=0
  string threads=8 ...
  [hotpath] string threads=8 calls=1000000 total=164.41ns ts=32.82 reserve=16.52 assemble=17.99 publish=16.28 cold=0.00 drops=0
  single_int threads=16 ...
  [hotpath] single_int threads=16 calls=992000 total=183.70ns ts=33.71 reserve=22.55 assemble=17.17 publish=17.36 cold=0.00 drops=0
  mixed threads=16 ...
  [hotpath] mixed threads=16 calls=992000 total=178.71ns ts=36.27 reserve=17.84 assemble=20.02 publish=21.22 cold=0.00 drops=0
  string threads=16 ...
  [hotpath] string threads=16 calls=992000 total=232.78ns ts=41.21 reserve=32.73 assemble=20.96 publish=20.52 cold=0.00 drops=0
done -> /mnt/c/Users/Admin/Desktop/ticklog/cross-lang-bench/results_quill/wsl_ticklog_quill_prof.json
