queue_capacity_bytes=8388608 samples=1000 batch=1000
  single_int threads=1 ...
  mixed threads=1 ...
  string threads=1 ...
  single_int threads=2 ...
  mixed threads=2 ...
  string threads=2 ...
  single_int threads=4 ...
  mixed threads=4 ...
  string threads=4 ...
  single_int threads=8 ...
  mixed threads=8 ...
  string threads=8 ...
  single_int threads=16 ...
  mixed threads=16 ...
  string threads=16 ...
done -> /mnt/c/Users/Admin/Desktop/ticklog/cross-lang-bench/results_quill/wsl_quill_cpp_r17.json
22:20:02 Quill INFO: Reached the maximum configured unbounded queue capacity and experienced 13 blocking occurrences on thread 830
22:20:02 Quill INFO: Reached the maximum configured unbounded queue capacity and experienced 14 blocking occurrences on thread 831
22:20:02 Quill INFO: Reached the maximum configured unbounded queue capacity and experienced 13 blocking occurrences on thread 832
22:20:02 Quill INFO: Reached the maximum configured unbounded queue capacity and experienced 5 blocking occurrences on thread 833
22:20:02 Quill INFO: Reached the maximum configured unbounded queue capacity and experienced 6 blocking occurrences on thread 834
22:20:02 Quill INFO: Reached the maximum configured unbounded queue capacity and experienced 6 blocking occurrences on thread 835
22:20:02 Quill INFO: Reached the maximum configured unbounded queue capacity and experienced 7 blocking occurrences on thread 836
22:20:02 Quill INFO: Reached the maximum configured unbounded queue capacity and experienced 6 blocking occurrences on thread 838
22:20:02 Quill INFO: Reached the maximum configured unbounded queue capacity and experienced 5 blocking occurrences on thread 837
22:20:02 Quill INFO: Reached the maximum configured unbounded queue capacity and experienced 1 blocking occurrences on thread 841
22:20:02 Quill INFO: Reached the maximum configured unbounded queue capacity and experienced 2 blocking occurrences on thread 842
22:20:02 Quill INFO: Reached the maximum configured unbounded queue capacity and experienced 2 blocking occurrences on thread 839
22:20:02 Quill INFO: Reached the maximum configured unbounded queue capacity and experienced 2 blocking occurrences on thread 840
22:20:02 Quill INFO: Reached the maximum configured unbounded queue capacity and experienced 3 blocking occurrences on thread 844
22:20:02 Quill INFO: Reached the maximum configured unbounded queue capacity and experienced 3 blocking occurrences on thread 843
22:20:02 Quill INFO: Reached the maximum configured unbounded queue capacity and experienced 3 blocking occurrences on thread 845
22:20:02 Quill INFO: Reached the maximum configured unbounded queue capacity and experienced 3 blocking occurrences on thread 846
22:20:02 Quill INFO: Reached the maximum configured unbounded queue capacity and experienced 1 blocking occurrences on thread 849
22:20:02 Quill INFO: Reached the maximum configured unbounded queue capacity and experienced 1 blocking occurrences on thread 850
22:20:02 Quill INFO: Reached the maximum configured unbounded queue capacity and experienced 1 blocking occurrences on thread 848
22:20:02 Quill INFO: Reached the maximum configured unbounded queue capacity and experienced 1 blocking occurrences on thread 847
