queue_capacity_bytes=8388608 samples=1000 batch=1000
  single_int threads=1 ...
  mixed threads=1 ...
  string threads=1 ...
  single_int threads=2 ...
  mixed threads=2 ...
  string threads=2 ...
  single_int threads=4 ...
  mixed threads=4 ...
  string threads=4 ...
  single_int threads=8 ...
  mixed threads=8 ...
  string threads=8 ...
  single_int threads=16 ...
  mixed threads=16 ...
  string threads=16 ...
done -> /mnt/c/Users/Admin/Desktop/ticklog/cross-lang-bench/results_quill/wsl_quill_cpp_r18.json
00:00:53 Quill INFO: Reached the maximum configured unbounded queue capacity and experienced 13 blocking occurrences on thread 767
00:00:53 Quill INFO: Reached the maximum configured unbounded queue capacity and experienced 14 blocking occurrences on thread 768
00:00:53 Quill INFO: Reached the maximum configured unbounded queue capacity and experienced 13 blocking occurrences on thread 769
00:00:53 Quill INFO: Reached the maximum configured unbounded queue capacity and experienced 5 blocking occurrences on thread 770
00:00:53 Quill INFO: Reached the maximum configured unbounded queue capacity and experienced 6 blocking occurrences on thread 771
00:00:53 Quill INFO: Reached the maximum configured unbounded queue capacity and experienced 8 blocking occurrences on thread 773
00:00:53 Quill INFO: Reached the maximum configured unbounded queue capacity and experienced 8 blocking occurrences on thread 772
00:00:53 Quill INFO: Reached the maximum configured unbounded queue capacity and experienced 6 blocking occurrences on thread 774
00:00:53 Quill INFO: Reached the maximum configured unbounded queue capacity and experienced 5 blocking occurrences on thread 775
00:00:53 Quill INFO: Reached the maximum configured unbounded queue capacity and experienced 1 blocking occurrences on thread 778
00:00:53 Quill INFO: Reached the maximum configured unbounded queue capacity and experienced 1 blocking occurrences on thread 779
00:00:53 Quill INFO: Reached the maximum configured unbounded queue capacity and experienced 1 blocking occurrences on thread 777
00:00:53 Quill INFO: Reached the maximum configured unbounded queue capacity and experienced 1 blocking occurrences on thread 776
00:00:53 Quill INFO: Reached the maximum configured unbounded queue capacity and experienced 2 blocking occurrences on thread 780
00:00:53 Quill INFO: Reached the maximum configured unbounded queue capacity and experienced 3 blocking occurrences on thread 782
00:00:53 Quill INFO: Reached the maximum configured unbounded queue capacity and experienced 3 blocking occurrences on thread 781
00:00:53 Quill INFO: Reached the maximum configured unbounded queue capacity and experienced 2 blocking occurrences on thread 783
00:00:53 Quill INFO: Reached the maximum configured unbounded queue capacity and experienced 1 blocking occurrences on thread 786
00:00:53 Quill INFO: Reached the maximum configured unbounded queue capacity and experienced 1 blocking occurrences on thread 784
00:00:53 Quill INFO: Reached the maximum configured unbounded queue capacity and experienced 1 blocking occurrences on thread 787
00:00:53 Quill INFO: Reached the maximum configured unbounded queue capacity and experienced 1 blocking occurrences on thread 785
